2025-01-13 02:34:49	/home4/bobziemerman/public_html/aidilon/inc/JpegMeta.php(3183)	E_WARNING: JPEGMeta failed parsing image metadata of /home4/bobziemerman/public_html/aidilon/data/media/corwald2.jpg. Got 22 instead of 29 bytes at offset 0.
  #0 /home4/bobziemerman/public_html/aidilon/inc/JpegMeta.php(1574): JpegMeta->_getFixedString('Exif\x00\x00II*\x00\x08\x00\x00\x00\x00...', 0, 29)
  #1 /home4/bobziemerman/public_html/aidilon/inc/JpegMeta.php(1118): JpegMeta->_parseMarkerXmp()
  #2 /home4/bobziemerman/public_html/aidilon/inc/JpegMeta.php(637): JpegMeta->_parseAll()
  #3 /home4/bobziemerman/public_html/aidilon/inc/JpegMeta.php(245): JpegMeta->getDates()
  #4 /home4/bobziemerman/public_html/aidilon/inc/JpegMeta.php(156): JpegMeta->getDateField('EarliestTime')
  #5 /home4/bobziemerman/public_html/aidilon/inc/media.php(1216): JpegMeta->getField(Array)
  #6 /home4/bobziemerman/public_html/aidilon/inc/media.php(1246): media_getTag(Array, Object(JpegMeta))
  #7 /home4/bobziemerman/public_html/aidilon/inc/media.php(1268): media_file_tags(Object(JpegMeta))
  #8 /home4/bobziemerman/public_html/aidilon/inc/media.php(1018): media_details('corwald2.jpg', 1, 0, Object(JpegMeta))
  #9 /home4/bobziemerman/public_html/aidilon/inc/template.php(1549): media_tab_view('corwald2.jpg', false, 1, 0)
  #10 /home4/bobziemerman/public_html/aidilon/inc/template.php(1861): tpl_mediaFileDetails('corwald2.jpg', 0)
  #11 /home4/bobziemerman/public_html/aidilon/inc/Action/Media.php(23): tpl_media()
  #12 /home4/bobziemerman/public_html/aidilon/inc/template.php(120): dokuwiki\Action\Media->tplContent()
  #13 [internal function]: tpl_content_core('media')
  #14 /home4/bobziemerman/public_html/aidilon/inc/Extension/Event.php(134): call_user_func_array('tpl_content_cor...', Array)
  #15 /home4/bobziemerman/public_html/aidilon/inc/Extension/Event.php(200): dokuwiki\Extension\Event->trigger('tpl_content_cor...', true)
  #16 /home4/bobziemerman/public_html/aidilon/inc/template.php(102): dokuwiki\Extension\Event::createAndTrigger('TPL_ACT_RENDER', 'media', 'tpl_content_cor...')
  #17 /home4/bobziemerman/public_html/aidilon/lib/tpl/dokuwiki/main.php(60): tpl_content()
  #18 /home4/bobziemerman/public_html/aidilon/inc/actions.php(30): include('/home4/bobzieme...')
  #19 /home4/bobziemerman/public_html/aidilon/doku.php(131): act_dispatch()
  #20 {main}
2025-01-13 02:35:13	/home4/bobziemerman/public_html/aidilon/vendor/splitbrain/slika/src/GdAdapter.php(194)	E_ERROR: Allowed memory size of 536870912 bytes exhausted (tried to allocate 491638336 bytes)
  #0 [internal function]: dokuwiki\ErrorHandler::fatalShutdown()
  #1 {main}
2025-01-13 02:37:08	/home4/bobziemerman/public_html/aidilon/inc/JpegMeta.php(3183)	E_WARNING: JPEGMeta failed parsing image metadata of /home4/bobziemerman/public_html/aidilon/data/media/qurea_forest.jpg. Got 22 instead of 29 bytes at offset 0.
  #0 /home4/bobziemerman/public_html/aidilon/inc/JpegMeta.php(1574): JpegMeta->_getFixedString('Exif\x00\x00II*\x00\x08\x00\x00\x00\x00...', 0, 29)
  #1 /home4/bobziemerman/public_html/aidilon/inc/JpegMeta.php(1118): JpegMeta->_parseMarkerXmp()
  #2 /home4/bobziemerman/public_html/aidilon/inc/JpegMeta.php(637): JpegMeta->_parseAll()
  #3 /home4/bobziemerman/public_html/aidilon/inc/JpegMeta.php(245): JpegMeta->getDates()
  #4 /home4/bobziemerman/public_html/aidilon/inc/JpegMeta.php(156): JpegMeta->getDateField('EarliestTime')
  #5 /home4/bobziemerman/public_html/aidilon/inc/media.php(1216): JpegMeta->getField(Array)
  #6 /home4/bobziemerman/public_html/aidilon/inc/media.php(1246): media_getTag(Array, Object(JpegMeta))
  #7 /home4/bobziemerman/public_html/aidilon/inc/media.php(1268): media_file_tags(Object(JpegMeta))
  #8 /home4/bobziemerman/public_html/aidilon/inc/media.php(1018): media_details('qurea_forest.jp...', 1, 0, Object(JpegMeta))
  #9 /home4/bobziemerman/public_html/aidilon/inc/template.php(1549): media_tab_view('qurea_forest.jp...', false, 1, 0)
  #10 /home4/bobziemerman/public_html/aidilon/inc/template.php(1861): tpl_mediaFileDetails('qurea_forest.jp...', 0)
  #11 /home4/bobziemerman/public_html/aidilon/inc/Action/Media.php(23): tpl_media()
  #12 /home4/bobziemerman/public_html/aidilon/inc/template.php(120): dokuwiki\Action\Media->tplContent()
  #13 [internal function]: tpl_content_core('media')
  #14 /home4/bobziemerman/public_html/aidilon/inc/Extension/Event.php(134): call_user_func_array('tpl_content_cor...', Array)
  #15 /home4/bobziemerman/public_html/aidilon/inc/Extension/Event.php(200): dokuwiki\Extension\Event->trigger('tpl_content_cor...', true)
  #16 /home4/bobziemerman/public_html/aidilon/inc/template.php(102): dokuwiki\Extension\Event::createAndTrigger('TPL_ACT_RENDER', 'media', 'tpl_content_cor...')
  #17 /home4/bobziemerman/public_html/aidilon/lib/tpl/dokuwiki/main.php(60): tpl_content()
  #18 /home4/bobziemerman/public_html/aidilon/inc/actions.php(30): include('/home4/bobzieme...')
  #19 /home4/bobziemerman/public_html/aidilon/doku.php(131): act_dispatch()
  #20 {main}
2025-01-13 02:47:58	/home4/bobziemerman/public_html/aidilon/inc/JpegMeta.php(3183)	E_WARNING: JPEGMeta failed parsing image metadata of /home4/bobziemerman/public_html/aidilon/data/media/qurea_forest.jpg. Got 22 instead of 29 bytes at offset 0.
  #0 /home4/bobziemerman/public_html/aidilon/inc/JpegMeta.php(1574): JpegMeta->_getFixedString('Exif\x00\x00II*\x00\x08\x00\x00\x00\x00...', 0, 29)
  #1 /home4/bobziemerman/public_html/aidilon/inc/JpegMeta.php(345): JpegMeta->_parseMarkerXmp()
  #2 /home4/bobziemerman/public_html/aidilon/inc/JpegMeta.php(152): JpegMeta->getXmpField('dc:title')
  #3 /home4/bobziemerman/public_html/aidilon/inc/JpegMeta.php(612): JpegMeta->getField(Array)
  #4 /home4/bobziemerman/public_html/aidilon/inc/parser/xhtml.php(1692): JpegMeta->getTitle()
  #5 /home4/bobziemerman/public_html/aidilon/inc/parser/xhtml.php(1891): Doku_Renderer_xhtml->_media('qurea_forest.jp...', NULL, NULL, '670', NULL, 'cache', true)
  #6 /home4/bobziemerman/public_html/aidilon/inc/parser/xhtml.php(1203): Doku_Renderer_xhtml->_getMediaLinkConf('qurea_forest.jp...', NULL, NULL, '670', NULL, 'cache', true)
  #7 /home4/bobziemerman/public_html/aidilon/inc/parserutils.php(691): Doku_Renderer_xhtml->internalmedia('qurea_forest.jp...', NULL, NULL, '670', NULL, 'cache', 'details')
  #8 /home4/bobziemerman/public_html/aidilon/inc/parserutils.php(158): p_render('xhtml', Array, NULL)
  #9 /home4/bobziemerman/public_html/aidilon/inc/parserutils.php(97): p_cached_output('/home4/bobzieme...', 'xhtml', 'regions:qurea')
  #10 /home4/bobziemerman/public_html/aidilon/inc/Ui/PageView.php(67): p_wiki_xhtml('regions:qurea', 0, true, '')
  #11 /home4/bobziemerman/public_html/aidilon/inc/Action/Show.php(40): dokuwiki\Ui\PageView->show()
  #12 /home4/bobziemerman/public_html/aidilon/inc/template.php(120): dokuwiki\Action\Show->tplContent()
  #13 [internal function]: tpl_content_core('show')
  #14 /home4/bobziemerman/public_html/aidilon/inc/Extension/Event.php(134): call_user_func_array('tpl_content_cor...', Array)
  #15 /home4/bobziemerman/public_html/aidilon/inc/Extension/Event.php(200): dokuwiki\Extension\Event->trigger('tpl_content_cor...', true)
  #16 /home4/bobziemerman/public_html/aidilon/inc/template.php(102): dokuwiki\Extension\Event::createAndTrigger('TPL_ACT_RENDER', 'show', 'tpl_content_cor...')
  #17 /home4/bobziemerman/public_html/aidilon/lib/tpl/dokuwiki/main.php(60): tpl_content()
  #18 /home4/bobziemerman/public_html/aidilon/inc/actions.php(30): include('/home4/bobzieme...')
  #19 /home4/bobziemerman/public_html/aidilon/doku.php(131): act_dispatch()
  #20 {main}
